<html>
<body>
<pre>
<h1>µVision Build Log</h1>
<h2>Project:</h2>
C:\Users\daniel01\Desktop\FastFile Test Folder\LPC1768-SK_uCOS-III\Micrium\Software\EvalBoards\NXP\LPC1768-SK\uCOS-II\KeilMDK\uCOS-II.uvproj
Project File Date:  10/15/2012

<h2>Output:</h2>
Build target 'uCOS-II'
compiling app.c...
compiling app_hooks.c...
compiling bsp.c...
compiling bsp_os.c...
assembling cstartup.s...
compiling cpu_core.c...
assembling cpu_a.asm...
compiling cpu_c.c...
compiling csp.c...
compiling csp_gpio.c...
compiling csp_int.c...
compiling csp_pm.c...
compiling csp_tmr.c...
compiling lib_ascii.c...
compiling lib_math.c...
compiling lib_mem.c...
compiling lib_str.c...
assembling lib_mem_a.asm...
lib_mem_a.asm: error: A1023E: File "..\..\..\..\..\uC-LIB\Ports\ARM-Cortex-M3\RealView\lib_mem_a.asm" could not be opened: No such file or directory
Target not created
Build target 'uCOS-II'
assembling lib_mem_a.asm...
compiling os_cpu_c.c...
compiling os_dbg.c...
compiling os_csp.c...
assembling os_cpu_a.asm...
compiling os_core.c...
compiling os_flag.c...
compiling os_mbox.c...
compiling os_mem.c...
compiling os_mutex.c...
compiling os_q.c...
compiling os_sem.c...
compiling os_task.c...
compiling os_time.c...
compiling os_tmr.c...
linking...
Program Size: Code=28608 RO-data=1012 RW-data=140 ZI-data=27812  
".\Obj\uCOS-II.axf" - 0 Error(s), 0 Warning(s).
Clean started: Project: 'uCOS-II'
   deleting intermediate output files for target 'uCOS-II'
Build target 'uCOS-II'
compiling app.c...
compiling app_hooks.c...
compiling bsp.c...
compiling bsp_os.c...
assembling cstartup.s...
compiling cpu_core.c...
assembling cpu_a.asm...
compiling cpu_c.c...
compiling csp.c...
compiling csp_gpio.c...
compiling csp_int.c...
compiling csp_pm.c...
compiling csp_tmr.c...
compiling lib_ascii.c...
compiling lib_math.c...
compiling lib_mem.c...
compiling lib_str.c...
assembling lib_mem_a.asm...
compiling os_cpu_c.c...
compiling os_dbg.c...
compiling os_csp.c...
assembling os_cpu_a.asm...
compiling os_core.c...
compiling os_flag.c...
compiling os_mbox.c...
compiling os_mem.c...
compiling os_mutex.c...
compiling os_q.c...
compiling os_sem.c...
compiling os_task.c...
compiling os_time.c...
compiling os_tmr.c...
linking...
Program Size: Code=28608 RO-data=1012 RW-data=140 ZI-data=27812  
".\Obj\uCOS-II.axf" - 0 Error(s), 0 Warning(s).
Clean started: Project: 'uCOS-II'
   deleting intermediate output files for target 'uCOS-II'
Clean started: Project: 'uCOS-II'
   deleting intermediate output files for target 'uCOS-II'
