<html>
<body>
<pre>
<h1>µVision Build Log</h1>
<h2>Project:</h2>
C:\Micrium\Software\EvalBoards\NXP\LPC1768-SK\uCOS-II\KeilMDK\uCOS-II.uvproj
Project File Date:  10/15/2012

<h2>Output:</h2>
Build target 'uCOS-II'
compiling app.c...
..\..\uCOS-II\includes.h(63): error:  #5: cannot open source input file "cpu.h": No such file or directory
compiling app_hooks.c...
..\..\uCOS-II\includes.h(63): error:  #5: cannot open source input file "cpu.h": No such file or directory
compiling bsp.c...
..\..\BSP\bsp.h(71): error:  #5: cannot open source input file "cpu.h": No such file or directory
compiling bsp_os.c...
..\..\BSP\bsp.h(71): error:  #5: cannot open source input file "cpu.h": No such file or directory
assembling cstartup.s...
compiling cpu_core.c...
..\..\..\..\..\uC-CPU\cpu_core.h(104): error:  #5: cannot open source input file "cpu.h": No such file or directory
assembling cpu_a.asm...
compiling cpu_c.c...
..\..\..\..\..\uC-CPU\ARM-Cortex-M3\RealView\cpu_c.c(49): error:  #5: cannot open source input file "cpu.h": No such file or directory
compiling csp.c...
..\..\..\..\..\uC-CSP\MCU\csp.h(160): error:  #5: cannot open source input file "cpu.h": No such file or directory
compiling csp_gpio.c...
..\..\..\..\..\uC-CSP\MCU\csp.h(160): error:  #5: cannot open source input file "cpu.h": No such file or directory
compiling csp_int.c...
..\..\..\..\..\uC-CSP\MCU\csp.h(160): error:  #5: cannot open source input file "cpu.h": No such file or directory
compiling csp_pm.c...
..\..\..\..\..\uC-CSP\MCU\csp.h(160): error:  #5: cannot open source input file "cpu.h": No such file or directory
compiling csp_tmr.c...
..\..\..\..\..\uC-CSP\MCU\csp.h(160): error:  #5: cannot open source input file "cpu.h": No such file or directory
compiling lib_ascii.c...
..\..\..\..\..\uC-LIB\lib_ascii.h(119): error:  #5: cannot open source input file "cpu.h": No such file or directory
compiling lib_math.c...
..\..\..\..\..\uC-LIB\lib_math.h(107): error:  #5: cannot open source input file "cpu.h": No such file or directory
compiling lib_mem.c...
..\..\..\..\..\uC-LIB\lib_mem.h(106): error:  #5: cannot open source input file "cpu.h": No such file or directory
compiling lib_str.c...
..\..\..\..\..\uC-LIB\lib_str.h(155): error:  #5: cannot open source input file "cpu.h": No such file or directory
assembling lib_mem_a.asm...
compiling os_cpu_c.c...
compiling os_dbg.c...
compiling os_csp.c...
..\..\..\..\..\uC-CSP\MCU\csp.h(160): error:  #5: cannot open source input file "cpu.h": No such file or directory
assembling os_cpu_a.asm...
compiling os_core.c...
compiling os_flag.c...
compiling os_mbox.c...
compiling os_mem.c...
compiling os_mutex.c...
compiling os_q.c...
compiling os_sem.c...
compiling os_task.c...
compiling os_time.c...
compiling os_tmr.c...
Target not created
Build target 'uCOS-II'
compiling app.c...
..\..\uCOS-II\includes.h(63): error:  #5: cannot open source input file "cpu.h": No such file or directory
compiling app_hooks.c...
..\..\uCOS-II\includes.h(63): error:  #5: cannot open source input file "cpu.h": No such file or directory
compiling bsp.c...
..\..\BSP\bsp.h(71): error:  #5: cannot open source input file "cpu.h": No such file or directory
compiling bsp_os.c...
..\..\BSP\bsp.h(71): error:  #5: cannot open source input file "cpu.h": No such file or directory
compiling cpu_core.c...
..\..\..\..\..\uC-CPU\cpu_core.h(104): error:  #5: cannot open source input file "cpu.h": No such file or directory
compiling cpu_c.c...
..\..\..\..\..\uC-CPU\ARM-Cortex-M3\RealView\cpu_c.c(49): error:  #5: cannot open source input file "cpu.h": No such file or directory
compiling csp.c...
..\..\..\..\..\uC-CSP\MCU\csp.h(160): error:  #5: cannot open source input file "cpu.h": No such file or directory
compiling csp_gpio.c...
..\..\..\..\..\uC-CSP\MCU\csp.h(160): error:  #5: cannot open source input file "cpu.h": No such file or directory
compiling csp_int.c...
..\..\..\..\..\uC-CSP\MCU\csp.h(160): error:  #5: cannot open source input file "cpu.h": No such file or directory
compiling csp_pm.c...
..\..\..\..\..\uC-CSP\MCU\csp.h(160): error:  #5: cannot open source input file "cpu.h": No such file or directory
compiling csp_tmr.c...
..\..\..\..\..\uC-CSP\MCU\csp.h(160): error:  #5: cannot open source input file "cpu.h": No such file or directory
compiling lib_ascii.c...
..\..\..\..\..\uC-LIB\lib_ascii.h(119): error:  #5: cannot open source input file "cpu.h": No such file or directory
compiling lib_math.c...
..\..\..\..\..\uC-LIB\lib_math.h(107): error:  #5: cannot open source input file "cpu.h": No such file or directory
compiling lib_mem.c...
..\..\..\..\..\uC-LIB\lib_mem.h(106): error:  #5: cannot open source input file "cpu.h": No such file or directory
compiling lib_str.c...
..\..\..\..\..\uC-LIB\lib_str.h(155): error:  #5: cannot open source input file "cpu.h": No such file or directory
compiling os_cpu_c.c...
compiling os_dbg.c...
compiling os_csp.c...
..\..\..\..\..\uC-CSP\MCU\csp.h(160): error:  #5: cannot open source input file "cpu.h": No such file or directory
compiling os_core.c...
compiling os_flag.c...
compiling os_mbox.c...
compiling os_mem.c...
compiling os_mutex.c...
compiling os_q.c...
compiling os_sem.c...
compiling os_task.c...
compiling os_time.c...
compiling os_tmr.c...
Target not created
Build target 'uCOS-II'
compiling app.c...
compiling app_hooks.c...
compiling bsp.c...
compiling bsp_os.c...
compiling cpu_core.c...
compiling cpu_c.c...
compiling csp.c...
compiling csp_gpio.c...
compiling csp_int.c...
compiling csp_pm.c...
compiling csp_tmr.c...
compiling lib_ascii.c...
compiling lib_math.c...
compiling lib_mem.c...
compiling lib_str.c...
compiling os_cpu_c.c...
compiling os_dbg.c...
compiling os_csp.c...
..\..\..\..\..\uCOS-II\Ports\ARM-Cortex-M3\CSP\Generic\os_csp.c(131): warning:  #1-D: last line of file ends without a newline
compiling os_core.c...
compiling os_flag.c...
compiling os_mbox.c...
compiling os_mem.c...
compiling os_mutex.c...
compiling os_q.c...
compiling os_sem.c...
compiling os_task.c...
compiling os_time.c...
compiling os_tmr.c...
linking...
Program Size: Code=28950 RO-data=1014 RW-data=140 ZI-data=27812  
"uCOS-II.axf" - 0 Error(s), 1 Warning(s).
Build target 'uCOS-II'
compiling os_csp.c...
linking...
Program Size: Code=28950 RO-data=1014 RW-data=140 ZI-data=27812  
"uCOS-II.axf" - 0 Error(s), 0 Warning(s).
Clean started: Project: 'uCOS-II'
   deleting intermediate output files for target 'uCOS-II'
Build target 'uCOS-II'
compiling app.c...
compiling app_hooks.c...
compiling bsp.c...
compiling bsp_os.c...
assembling cstartup.s...
compiling cpu_core.c...
assembling cpu_a.asm...
compiling cpu_c.c...
compiling csp.c...
compiling csp_gpio.c...
compiling csp_int.c...
compiling csp_pm.c...
compiling csp_tmr.c...
compiling lib_ascii.c...
compiling lib_math.c...
compiling lib_mem.c...
compiling lib_str.c...
assembling lib_mem_a.asm...
compiling os_cpu_c.c...
compiling os_dbg.c...
compiling os_csp.c...
assembling os_cpu_a.asm...
compiling os_core.c...
compiling os_flag.c...
compiling os_mbox.c...
compiling os_mem.c...
compiling os_mutex.c...
compiling os_q.c...
compiling os_sem.c...
compiling os_task.c...
compiling os_time.c...
compiling os_tmr.c...
linking...
Program Size: Code=28950 RO-data=1014 RW-data=140 ZI-data=27812  
".\Obj\uCOS-II.axf" - 0 Error(s), 0 Warning(s).
